%!Adobe-FontList 1.14
%Locale:0x409

%BeginFont
Handler:DirectoryHandler
FontType:TrueType
FontName:JosefinSans-Bold
FamilyName:Josefin Sans
StyleName:Bold
MenuName:Josefin Sans
StyleBits:2
WeightClass:700
WidthClass:5
AngleClass:0
FullName:Josefin Sans Bold
WritingScript:Roman
OutlineFileName:\JosefinSans-Bold.ttf
DataFormat:sfntData
FileLength:32912
FileModTime:1373449992
%EndFont

%BeginFont
Handler:DirectoryHandler
FontType:TrueType
FontName:JosefinSans
FamilyName:Josefin Sans
StyleName:Regular
MenuName:Josefin Sans
StyleBits:0
WeightClass:400
WidthClass:5
AngleClass:0
FullName:Josefin Sans
WritingScript:Roman
OutlineFileName:\JosefinSans-Regular.ttf
DataFormat:sfntData
FileLength:33008
FileModTime:1373449992
%EndFont

%BeginFont
Handler:DirectoryHandler
FontType:TrueType
FontName:JosefinSans-SemiBold
FamilyName:Josefin Sans
StyleName:SemiBold
MenuName:Josefin Sans
StyleBits:0
WeightClass:600
WidthClass:5
AngleClass:0
FullName:Josefin Sans SemiBold
WritingScript:Roman
OutlineFileName:\JosefinSans-SemiBold.ttf
DataFormat:sfntData
FileLength:33004
FileModTime:1373449992
%EndFont

%BeginFont
Handler:DirectoryHandler
FontType:Type1
FontName:Vidaloka-Regular
FamilyName:Vidaloka 
StyleName:Regular
MenuName:Vidaloka 
StyleBits:0
WeightClass:400
WidthClass:5
AngleClass:0
FullName:Vidaloka 
WritingScript:Roman
OutlineFileName:\Vidaloka-Regular.otf
DataFormat:sfntData
UsesStandardEncoding:yes
isCFF:yes
FileLength:49488
FileModTime:1370359134
%EndFont

